{'link': 'https://leetcode.com/problems/two-sum', 'questionId': '1', 'questionFrontendId': '1', 'questionTitle': 'Two Sum', 'titleSlug': 'two-sum', 'difficulty': 'Easy', 'isPaidOnly': False, 'question': '<p>Given an array of integers <code>nums</code>&nbsp;and an integer <code>target</code>, return <em>indices of the two numbers such that they add up to <code>target</code></em>.</p>\n\n<p>You may assume that each input would have <strong><em>exactly</em> one solution</strong>, and you may not use the <em>same</em> element twice.</p>\n\n<p>You can return the answer in any order.</p>\n\n<p>&nbsp;</p>\n<p><strong class="example">Example 1:</strong></p>\n\n<pre>\n<strong>Input:</strong> nums = [2,7,11,15], target = 9\n<strong>Output:</strong> [0,1]\n<strong>Explanation:</strong> Because nums[0] + nums[1] == 9, we return [0, 1].\n</pre>\n\n<p><strong class="example">Example 2:</strong></p>\n\n<pre>\n<strong>Input:</strong> nums = [3,2,4], target = 6\n<strong>Output:</strong> [1,2]\n</pre>\n\n<p><strong class="example">Example 3:</strong></p>\n\n<pre>\n<strong>Input:</strong> nums = [3,3], target = 6\n<strong>Output:</strong> [0,1]\n</pre>\n\n<p>&nbsp;</p>\n<p><strong>Constraints:</strong></p>\n\n<ul>\n\t<li><code>2 &lt;= nums.length &lt;= 10<sup>4</sup></code></li>\n\t<li><code>-10<sup>9</sup> &lt;= nums[i] &lt;= 10<sup>9</sup></code></li>\n\t<li><code>-10<sup>9</sup> &lt;= target &lt;= 10<sup>9</sup></code></li>\n\t<li><strong>Only one valid answer exists.</strong></li>\n</ul>\n\n<p>&nbsp;</p>\n<strong>Follow-up:&nbsp;</strong>Can you come up with an algorithm that is less than <code>O(n<sup>2</sup>)</code><font face="monospace">&nbsp;</font>time complexity?', 'exampleTestcases': '[2,7,11,15]\n9\n[3,2,4]\n6\n[3,3]\n6', 'topicTags': [{'name': 'Array', 'slug': 'array', 'translatedName': None}, {'name': 'Hash Table', 'slug': 'hash-table', 'translatedName': None}], 'hints': ["A really brute force way would be to search for all possible pairs of numbers but that would be too slow. Again, it's best to try out brute force solutions just for completeness. It is from these brute force solutions that you can come up with optimizations.", 'So, if we fix one of the numbers, say <code>x</code>, we have to scan the entire array to find the next number <code>y</code> which is <code>value - x</code> where value is the input parameter. Can we change our array somehow so that this search becomes faster?', 'The second train of thought is, without changing the array, can we use additional space somehow? Like maybe a hash map to speed up the search?'], 'solution': {'id': '7', 'canSeeDetail': True, 'paidOnly': False, 'hasVideoSolution': True, 'paidOnlyVideo': False}, 'companyTagStats': None, 'likes': 66958, 'dislikes': 2492, 'similarQuestions': '[{"title": "3Sum", "titleSlug": "3sum", "difficulty": "Medium", "translatedTitle": null}, {"title": "4Sum", "titleSlug": "4sum", "difficulty": "Medium", "translatedTitle": null}, {"title": "Two Sum II - Input Array Is Sorted", "titleSlug": "two-sum-ii-input-array-is-sorted", "difficulty": "Medium", "translatedTitle": null}, {"title": "Two Sum III - Data structure design", "titleSlug": "two-sum-iii-data-structure-design", "difficulty": "Easy", "translatedTitle": null}, {"title": "Subarray Sum Equals K", "titleSlug": "subarray-sum-equals-k", "difficulty": "Medium", "translatedTitle": null}, {"title": "Two Sum IV - Input is a BST", "titleSlug": "two-sum-iv-input-is-a-bst", "difficulty": "Easy", "translatedTitle": null}, {"title": "Two Sum Less Than K", "titleSlug": "two-sum-less-than-k", "difficulty": "Easy", "translatedTitle": null}, {"title": "Max Number of K-Sum Pairs", "titleSlug": "max-number-of-k-sum-pairs", "difficulty": "Medium", "translatedTitle": null}, {"title": "Count Good Meals", "titleSlug": "count-good-meals", "difficulty": "Medium", "translatedTitle": null}, {"title": "Count Number of Pairs With Absolute Difference K", "titleSlug": "count-number-of-pairs-with-absolute-difference-k", "difficulty": "Easy", "translatedTitle": null}, {"title": "Number of Pairs of Strings With Concatenation Equal to Target", "titleSlug": "number-of-pairs-of-strings-with-concatenation-equal-to-target", "difficulty": "Medium", "translatedTitle": null}, {"title": "Find All K-Distant Indices in an Array", "titleSlug": "find-all-k-distant-indices-in-an-array", "difficulty": "Easy", "translatedTitle": null}, {"title": "First Letter to Appear Twice", "titleSlug": "first-letter-to-appear-twice", "difficulty": "Easy", "translatedTitle": null}, {"title": "Number of Excellent Pairs", "titleSlug": "number-of-excellent-pairs", "difficulty": "Hard", "translatedTitle": null}, {"title": "Number of Arithmetic Triplets", "titleSlug": "number-of-arithmetic-triplets", "difficulty": "Easy", "translatedTitle": null}, {"title": "Node With Highest Edge Score", "titleSlug": "node-with-highest-edge-score", "difficulty": "Medium", "translatedTitle": null}, {"title": "Check Distances Between Same Letters", "titleSlug": "check-distances-between-same-letters", "difficulty": "Easy", "translatedTitle": null}, {"title": "Find Subarrays With Equal Sum", "titleSlug": "find-subarrays-with-equal-sum", "difficulty": "Easy", "translatedTitle": null}, {"title": "Largest Positive Integer That Exists With Its Negative", "titleSlug": "largest-positive-integer-that-exists-with-its-negative", "difficulty": "Easy", "translatedTitle": null}, {"title": "Number of Distinct Averages", "titleSlug": "number-of-distinct-averages", "difficulty": "Easy", "translatedTitle": null}, {"title": "Count Pairs Whose Sum is Less than Target", "titleSlug": "count-pairs-whose-sum-is-less-than-target", "difficulty": "Easy", "translatedTitle": null}]'}
